========================================
 Flask Compiler - Build Script (Windows)
========================================

[1/3] Generating ANTLR sources...
cmd : warning(154): 
FlaskParser.g4:77:0: rule 
pyAtom contains an optional 
block with at least one 
alternative that can match an 
empty string
At line:1 char:1
+ cmd /c "build.bat" > 
build_output.txt 2>&1; 
Get-Content build_output. ...
+ ~~~~~~~~~~~~~~~~~~~~~~~~~~~~~
~~~~~~~~~~~~~
    + CategoryInfo          :  
   NotSpecified: (warning(154  
  ): F...an empty string:Str   
 ing) [], RemoteException
    + FullyQualifiedErrorId :  
   NativeCommandError
 
warning(154): 
FlaskParser.g4:77:0: rule 
pyAtom contains an optional 
block with at least one 
alternative that can match an 
empty string
warning(154): 
FlaskParser.g4:77:0: rule 
pyAtom contains an optional 
block with at least one 
alternative that can match an 
empty string
warning(154): 
FlaskParser.g4:77:0: rule 
pyAtom contains an optional 
block with at least one 
alternative that can match an 
empty string
warning(154): 
FlaskParser.g4:77:0: rule 
pyAtom contains an optional 
block with at least one 
alternative that can match an 
empty string
warning(154): 
FlaskParser.g4:101:0: rule 
pyInner contains an optional 
block with at least one 
alternative that can match an 
empty string
warning(154): 
FlaskParser.g4:101:0: rule 
pyInner contains an optional 
block with at least one 
alternative that can match an 
empty string
warning(154): 
FlaskParser.g4:101:0: rule 
pyInner contains an optional 
block with at least one 
alternative that can match an 
empty string
[OK] ANTLR generation complete.

[2/3] Compiling Java sources...
[OK] Compilation successful.

[3/3] Running Flask Compiler...
========================================

? No semantic errors found.

???????????????????? Symbol Table ????????????????????
Type                 Value                          Location    
???????????????????????????????????????????????????????????
import               flask, Flask, render_templa... 1:0         
appDeclaration       app = Flask(__name__)          3:0         
globalVariable       products_data                  6:0         
route                /                              24:0        
routeFunction        index                          25:0        
classProperty        allLabel                       26:4        
classProperty        addLabel                       27:4        
template             [Template]                     29:4        

Template Content:
???????????????????????????????????????????????????????
? """
?     <nav class="topbar">
?         <h1>Store</h1>
?         <a href="/products" class="nav-link">{{ allLabel }}</a>
?         <a href="/product/add" class="nav-link">{{ addLabel }}</a>
?     </nav>
?     """
???????????????????????????????????????????????????????
returnStatement      render_template_string(temp... 37:4        
route                /products                      42:0        
routeFunction        products                       43:0        
classProperty        detailsLabel                   44:4        
template             [Template]                     46:4        

Template Content:
???????????????????????????????????????????????????????
? """
?     <div class="grid">
?         {% for p in items %}
?         <div class="card">
?             <img class="product-image" src="{{ p.image }}" />
?             <h3>{{ p.name }}</h3>
?             <p class="price">{{ p.price }}</p>
?             <div>
?                 <a href="/product/{{ p.id }}">{{ detailsLabel }}</a>
?             </div>
?         </div>
?         {% endfor %}
?     </div>
?     """
???????????????????????????????????????????????????????
returnStatement      render_template_string(temp... 61:4        
classProperty        items                          44:4        
route                /product/add                   66:0        
routeFunction        add_product                    67:0        
ifBlock              if request.method=="POST"      68:4        
classProperty        new_product                    69:8        
classProperty        addTitle                       79:4        
classProperty        saveLabel                      80:4        
route                /product/<int:id>              100:0       
routeFunction        product_detail                 101:0       
parameter            id                             101:19      
classProperty        product                        102:4       
ifBlock              if notproduct                  104:4       
classProperty        backLabel                      107:4       
mainGuard            if __name__ == "__main__"      124:0       
???????????????????????????????????????????????????????????
=== GenericView ===
Python:
@app.route('/')
def index():
    allLabel = "All Products"
    addLabel = "Add Product"
    return render_template('Index.html', allLabel=allLabel, addLabel=addLabel)

HTML:
{% extends 'base.html' %}

{% block title %}Index{% endblock %}

{% block content %}
<nav class="topbar">
        <h1>Store</h1>
        <a href="/products" class="nav-link">{{ allLabel }}</a>
        <a href="/product/add" class="nav-link">{{ addLabel }}</a>
    </nav>
{% endblock %}

CSS:


--------------------------------------------------

=== GenericView ===
Python:
@app.route('/products')
def products():
    detailsLabel = "View Details"
    items = products_data
    return render_template('Products.html', detailsLabel=detailsLabel, items=items)

HTML:
{% extends 'base.html' %}

{% block title %}Products{% endblock %}

{% block content %}
<div class="grid">
        {% for p in items %}
        <div class="card">
            <img class="product-image" src="{{ p.image }}" />
            <h3>{{ p.name }}</h3>
            <p class="price">{{ p.price }}</p>
            <div>
                <a href="/product/{{ p.id }}">{{ detailsLabel }}</a>
            </div>
        </div>
        {% endfor %}
    </div>
{% endblock %}

CSS:


--------------------------------------------------

=== GenericView ===
Python:
@app.route('/product/add')
def add_product():
    return render_template('AddProduct.html')

HTML:
{% extends 'base.html' %}

{% block title %}Add Product{% endblock %}

{% block content %}
{% endblock %}

CSS:


--------------------------------------------------

=== GenericView ===
Python:
@app.route('/product/<int:id>')
def product_detail(id):
    product = next((pforpinproducts_dataifp["id"]==id),None)
    return render_template('ProductDetail.html', product=product)

HTML:
{% extends 'base.html' %}

{% block title %}Product Detail{% endblock %}

{% block content %}
{% endblock %}

CSS:


--------------------------------------------------

Saved: generated_components/app.py
Saved: generated_components/templates/base.html
Saved: generated_components/templates/Index.html
Saved: generated_components/templates/Products.html
Saved: generated_components/templates/AddProduct.html
Saved: generated_components/templates/ProductDetail.html
Saved: generated_components/static/style.css

Saved 4 component(s) to: generated_components
  - generated_components/app.py
  - generated_components/templates/base.html
  - generated_components/templates/ (4 pages)
  - generated_components/static/style.css

Application{

FlaskComponent{
componentMetadata=
ComponentMetadata{
RouteEntry{route='/'}
TemplateEntry{inlineTemplate=
InlineTemplate{
htmlDocument=null
}}
}, 
flaskClass=
FlaskClass{
className='index', 
classBody=
ClassBody{

ClassMember{
propertyDeclaration=
PropertyDeclaration{
identifier='allLabel', 
value='"All Products"'
}, 
methodDeclaration=null
}

ClassMember{
propertyDeclaration=
PropertyDeclaration{
identifier='addLabel', 
value='"Add Product"'
}, 
methodDeclaration=null
}
}
}
}

FlaskComponent{
componentMetadata=
ComponentMetadata{
RouteEntry{route='/products'}
TemplateEntry{inlineTemplate=
InlineTemplate{
htmlDocument=null
}}
}, 
flaskClass=
FlaskClass{
className='products', 
classBody=
ClassBody{

ClassMember{
propertyDeclaration=
PropertyDeclaration{
identifier='detailsLabel', 
value='"View Details"'
}, 
methodDeclaration=null
}

ClassMember{
propertyDeclaration=
PropertyDeclaration{
identifier='items', 
value='products_data'
}, 
methodDeclaration=null
}
}
}
}

FlaskComponent{
componentMetadata=
ComponentMetadata{
RouteEntry{route='/product/add'}
}, 
flaskClass=
FlaskClass{
className='add_product', 
classBody=
ClassBody{
}
}
}

FlaskComponent{
componentMetadata=
ComponentMetadata{
RouteEntry{route='/product/<int:id>'}
}, 
flaskClass=
FlaskClass{
className='product_detail', 
classBody=
ClassBody{

ClassMember{
propertyDeclaration=
PropertyDeclaration{
identifier='product', 
value='next((pforpinproducts_dataifp["id"]==id),None)'
}, 
methodDeclaration=null
}
}
}
}
}

========================================
 Build Finished Successfully
========================================
